<html>
<body>
<pre>
<h1>礦ision Build Log</h1>
<h2>Tool Versions:</h2>
IDE-Version: μVision V5.14.0.0
Copyright (C) 2015 ARM Ltd and ARM Germany GmbH. All rights reserved.
License Information: x hcyz123, HP Inc., LIC=32B1Q-N9RJ0-30TNC-76NAZ-PU1XT-0P43M
 
Tool Versions:
Toolchain:       MDK-ARM Standard  Version: 5.14.0.0
Toolchain Path:  C:\keil_mdk\ARM\ARMCC\Bin
C Compiler:      Armcc.exe V5.05 update 1 (build 106)
Assembler:       Armasm.exe V5.05 update 1 (build 106)
Linker/Locator:  ArmLink.exe V5.05 update 1 (build 106)
Library Manager: ArmAr.exe V5.05 update 1 (build 106)
Hex Converter:   FromElf.exe V5.05 update 1 (build 106)
CPU DLL:         SARMCM3.DLL V5.14.0.0
Dialog DLL:      DCM.DLL V1.13.1.0
Target DLL:      STLink\ST-LINKIII-KEIL_SWO.dll V2.0.14.0_KEIL
Dialog DLL:      TCM.DLL V1.14.4.0
 
<h2>Project:</h2>
C:\Users\hcyz1\Desktop\dcdc电压采集f4\USER\LCD.uvprojx
Project File Date:  07/25/2023

<h2>Output:</h2>
Build target 'OLED'
compiling main.c...
main.c(88): warning:  #177-D: variable "v_ac_in" was declared but never referenced
  float v_ac_in[8]={0};
main.c: 1 warning, 0 errors
compiling pwm.c...
compiling time.c...
..\HARDWARE\pwm\time.c(57): warning:  #177-D: variable "up" was declared but never referenced
                const int up=1;
..\HARDWARE\pwm\time.c: 1 warning, 0 errors
linking...
Program Size: Code=27332 RO-data=9684 RW-data=124 ZI-data=2084  
FromELF: creating hex file...
"..\OBJ\LCD.axf" - 0 Error(s), 2 Warning(s).

<h2>Collection of Component include folders:</h2>
  C:\Users\hcyz1\Desktop\dcdc电压采集f4\USER\RTE
  C:\keil_mdk\Keil\STM32F4xx_DFP\2.16.0

<h2>Collection of Component Files used:</h2>
</pre>
</body>
</html>
